// Jest Snapshot v1, https://goo.gl/fbAQLP

exports[`EnhancedPropCard matches snapshot 1`] = `
<DocumentFragment>
  <div
    class="glass-morphism rounded-2xl shadow-lg p-6 relative p-6 flex flex-col space-y-3 transition-all ring-4 ring-primary-500 "
  >
    <div
      class="flex items-center justify-between"
    >
      <div
        class="font-bold text-lg text-primary-600"
      >
        LeBron James
      </div>
      <span
        class="px-2 py-1 rounded-full text-xs font-semibold text-pink-400 bg-opacity-10"
      >
        Sentiment: Bullish
      </span>
    </div>
    <div
      class="flex items-center justify-between"
    >
      <span
        class="text-gray-400 text-xs"
      >
        Points
      </span>
      <span
        class="text-xl font-bold"
      >
        27.5
      </span>
    </div>
    <div
      class="flex items-center justify-between space-x-2"
    >
      <button
        class="ultimate-btn px-6 py-3 rounded-xl text-white font-semibold text-lg transition-all hover:scale-105 flex-1"
      >
        Over 
        <span
          class="ml-1 text-green-400"
        >
          +1.85
        </span>
      </button>
      <button
        class="ultimate-btn px-6 py-3 rounded-xl text-white font-semibold text-lg transition-all hover:scale-105 flex-1"
      >
        Under 
        <span
          class="ml-1 text-blue-400"
        >
          +1.95
        </span>
      </button>
    </div>
    <div
      class="flex flex-wrap gap-2 mt-2"
    >
      <span
        class="px-2 py-1 rounded-full text-xs font-semibold text-yellow-400 bg-opacity-10"
      >
        AI Boost: 0.12%
      </span>
      <span
        class="px-2 py-1 rounded-full text-xs font-semibold text-purple-400 bg-opacity-10"
      >
        Pattern: 0.8%
      </span>
      <span
        class="px-2 py-1 rounded-full text-xs font-semibold text-green-400 bg-opacity-10"
      >
        Bonus: 4%
      </span>
      <span
        class="px-2 py-1 rounded-full text-xs font-semibold text-blue-400 bg-opacity-10"
      >
        Enhance: 2.5%
      </span>
    </div>
    <button
      aria-label="Show prediction explanation"
      class="absolute top-2 right-2 text-xs text-gray-400 hover:text-primary-500 underline focus:outline-none"
    >
      Why this prediction?
    </button>
  </div>
</DocumentFragment>
`;
